main.c:61:5:main	8	static
main.c:87:6:idle_task	4	static
main.c:91:6:task1_handler	8	static
main.c:102:6:task2_handler	8	static
main.c:113:6:task3_handler	8	static
main.c:124:6:task4_handler	8	static
main.c:136:6:init_systick_timer	32	static
main.c:156:29:PendSV_Handler	0	static,ignoring_inline_asm
main.c:194:6:unblock_tasks	16	static
main.c:208:6:update_global_tick_count	4	static
main.c:213:6:SysTick_Handler	16	static
main.c:223:6:update_next_task	16	static
main.c:238:29:init_scheduler_stack	0	static,ignoring_inline_asm
main.c:244:6:init_task_stack	24	static
main.c:287:6:enable_processor_faults	16	static
main.c:297:10:get_psp_value	4	static
main.c:302:6:save_psp_value	16	static
main.c:308:30:switch_sp_to_psp	0	static,ignoring_inline_asm
main.c:327:6:schedule	16	static
main.c:335:6:task_delay	16	static,ignoring_inline_asm
main.c:351:6:BusFault_Handler	8	static
main.c:357:6:MemManage_Handler	8	static
main.c:363:6:HardFault_Handler	8	static
